// Jest Snapshot v1, https://goo.gl/fbAQLP

exports[`matches snapshot 1`] = `
<a
  className="waves-effect waves-light btn-large"
  href="/somewhere"
  onClick={[Function]}
>
  Click me
</a>
`;
